// Jest Snapshot v1, https://goo.gl/fbAQLP

exports[`Table HOCs tests all HOCs should match snapshot 1`] = `
<div>
  <div
    class="yc-table"
  >
    <table
      class="yc-table__table"
    >
      <thead
        class="yc-table__head"
      >
        <tr
          class="yc-table__row"
        >
          <th
            class="yc-table__cell yc-table__cell_edge-padding yc-table__checkbox_cell"
          >
            <label
              class="yc-control-label yc-control-label_size_l yc-checkbox yc-checkbox_size_l yc-table__selection-checkbox"
            >
              <span
                class="yc-control-label__indicator yc-checkbox__indicator"
              >
                <span
                  aria-hidden="true"
                  class="yc-checkbox__icon"
                >
                  <svg
                    class="yc-checkbox__icon-svg yc-checkbox__icon-svg_type_tick"
                    fill="currentColor"
                    height="16"
                    viewBox="0 0 12 10"
                    width="16"
                    xmlns="http://www.w3.org/2000/svg"
                  >
                    <path
                      d="M.49 5.385l1.644-1.644 4.385 4.385L4.874 9.77.49 5.385zm4.384 1.096L10.356 1 12 2.644 6.519 8.126 4.874 6.48v.001z"
                    />
                  </svg>
                </span>
                <input
                  aria-checked="false"
                  class="yc-checkbox__control"
                  type="checkbox"
                  value=""
                />
                <span
                  class="yc-checkbox__outline"
                />
              </span>
            </label>
          </th>
          <th
            class="yc-table__cell yc-table__cell_edge-padding"
          >
            name
          </th>
          <th
            class="yc-table__cell yc-table__cell_sticky_right yc-table__cell_edge-padding"
            style="width: 28px; right: 0px;"
          >
            <div
              class="yc-table__settings"
            >
              <div
                class="yc-table-column-setup"
              >
                <div
                  class="yc-table-column-setup__control"
                >
                  <button
                    aria-label="Table settings"
                    class="yc-button yc-button_view_flat yc-button_size_m yc-button_pin_round-round yc-table__settings-button"
                    type="button"
                  >
                    <span
                      class="yc-button__icon"
                    >
                      <span
                        class="yc-button__icon-inner"
                      >
                        <svg
                          aria-hidden="true"
                          class="yc-icon"
                          fill="currentColor"
                          height="16"
                          stroke="none"
                          width="16"
                          xmlns="http://www.w3.org/2000/svg"
                          xmlns:xlink="http://www.w3.org/1999/xlink"
                        >
                          <svg
                            fill="none"
                            viewBox="0 0 16 16"
                            xmlns="http://www.w3.org/2000/svg"
                          >
                            <g
                              clip-path="url(#a)"
                            >
                              <path
                                clip-rule="evenodd"
                                d="M7.199 2H8.8a.2.2 0 0 1 .2.2c0 1.808 1.958 2.939 3.524 2.034a.199.199 0 0 1 .271.073l.802 1.388a.199.199 0 0 1-.073.272c-1.566.904-1.566 3.164 0 4.069a.199.199 0 0 1 .073.271l-.802 1.388a.199.199 0 0 1-.271.073C10.958 10.863 9 11.993 9 13.8a.2.2 0 0 1-.199.2H7.2a.199.199 0 0 1-.2-.2c0-1.808-1.958-2.938-3.524-2.034a.199.199 0 0 1-.272-.073l-.8-1.388a.199.199 0 0 1 .072-.271c1.566-.905 1.566-3.165 0-4.07a.199.199 0 0 1-.073-.271l.801-1.388a.199.199 0 0 1 .272-.073C5.042 5.138 7 4.007 7 2.2c0-.11.089-.199.199-.199ZM5.5 2.2c0-.94.76-1.7 1.699-1.7H8.8c.94 0 1.7.76 1.7 1.7a.85.85 0 0 0 1.274.735 1.699 1.699 0 0 1 2.32.622l.802 1.388c.469.813.19 1.851-.622 2.32a.85.85 0 0 0 0 1.472 1.7 1.7 0 0 1 .622 2.32l-.802 1.388a1.699 1.699 0 0 1-2.32.622.85.85 0 0 0-1.274.735c0 .939-.76 1.7-1.699 1.7H7.2a1.7 1.7 0 0 1-1.699-1.7.85.85 0 0 0-1.274-.735 1.698 1.698 0 0 1-2.32-.622l-.802-1.388a1.699 1.699 0 0 1 .622-2.32.85.85 0 0 0 0-1.471 1.699 1.699 0 0 1-.622-2.321l.801-1.388a1.699 1.699 0 0 1 2.32-.622A.85.85 0 0 0 5.5 2.2Zm4 5.8a1.5 1.5 0 1 1-3 0 1.5 1.5 0 0 1 3 0ZM11 8a3 3 0 1 1-6 0 3 3 0 0 1 6 0Z"
                                fill="currentColor"
                                fill-rule="evenodd"
                              />
                            </g>
                            <defs>
                              <clippath
                                id="a"
                              >
                                <path
                                  d="M0 0h16v16H0z"
                                  fill="currentColor"
                                />
                              </clippath>
                            </defs>
                          </svg>
                        </svg>
                      </span>
                    </span>
                  </button>
                </div>
              </div>
            </div>
          </th>
        </tr>
      </thead>
      <tbody
        class="yc-table__body"
      >
        <tr
          class="yc-table__row"
        >
          <td
            class="yc-table__cell yc-table__cell_edge-padding yc-table__checkbox_cell"
          >
            <label
              class="yc-control-label yc-control-label_size_l yc-checkbox yc-checkbox_size_l yc-table__selection-checkbox"
            >
              <span
                class="yc-control-label__indicator yc-checkbox__indicator"
              >
                <span
                  aria-hidden="true"
                  class="yc-checkbox__icon"
                >
                  <svg
                    class="yc-checkbox__icon-svg yc-checkbox__icon-svg_type_tick"
                    fill="currentColor"
                    height="16"
                    viewBox="0 0 12 10"
                    width="16"
                    xmlns="http://www.w3.org/2000/svg"
                  >
                    <path
                      d="M.49 5.385l1.644-1.644 4.385 4.385L4.874 9.77.49 5.385zm4.384 1.096L10.356 1 12 2.644 6.519 8.126 4.874 6.48v.001z"
                    />
                  </svg>
                </span>
                <input
                  aria-checked="false"
                  class="yc-checkbox__control"
                  type="checkbox"
                  value=""
                />
                <span
                  class="yc-checkbox__outline"
                />
              </span>
            </label>
          </td>
          <td
            class="yc-table__cell yc-table__cell_edge-padding"
          >
            —
          </td>
          <td
            class="yc-table__cell yc-table__cell_sticky_right yc-table__cell_edge-padding"
            style="width: 28px; right: 0px;"
          />
        </tr>
        <tr
          class="yc-table__row yc-table__row_disabled"
        >
          <td
            class="yc-table__cell yc-table__cell_edge-padding yc-table__checkbox_cell"
          >
            <label
              class="yc-control-label yc-control-label_size_l yc-control-label_disabled yc-checkbox yc-checkbox_size_l yc-checkbox_disabled yc-table__selection-checkbox"
            >
              <span
                class="yc-control-label__indicator yc-checkbox__indicator"
              >
                <span
                  aria-hidden="true"
                  class="yc-checkbox__icon"
                >
                  <svg
                    class="yc-checkbox__icon-svg yc-checkbox__icon-svg_type_tick"
                    fill="currentColor"
                    height="16"
                    viewBox="0 0 12 10"
                    width="16"
                    xmlns="http://www.w3.org/2000/svg"
                  >
                    <path
                      d="M.49 5.385l1.644-1.644 4.385 4.385L4.874 9.77.49 5.385zm4.384 1.096L10.356 1 12 2.644 6.519 8.126 4.874 6.48v.001z"
                    />
                  </svg>
                </span>
                <input
                  aria-checked="false"
                  class="yc-checkbox__control"
                  disabled=""
                  type="checkbox"
                  value=""
                />
                <span
                  class="yc-checkbox__outline"
                />
              </span>
            </label>
          </td>
          <td
            class="yc-table__cell yc-table__cell_edge-padding"
          >
            —
          </td>
          <td
            class="yc-table__cell yc-table__cell_sticky_right yc-table__cell_edge-padding"
            style="width: 28px; right: 0px;"
          />
        </tr>
      </tbody>
    </table>
  </div>
</div>
`;

exports[`Table HOCs tests withTableActions should match snapshot 1`] = `
<div>
  <div
    class="yc-table"
  >
    <table
      class="yc-table__table"
    >
      <thead
        class="yc-table__head"
      >
        <tr
          class="yc-table__row"
        >
          <th
            class="yc-table__cell yc-table__cell_edge-padding"
          >
            name
          </th>
          <th
            class="yc-table__cell yc-table__cell_sticky_right yc-table__cell_edge-padding"
            style="width: 28px; right: 0px;"
          />
        </tr>
      </thead>
      <tbody
        class="yc-table__body"
      >
        <tr
          class="yc-table__row"
        >
          <td
            class="yc-table__cell yc-table__cell_edge-padding"
          >
            —
          </td>
          <td
            class="yc-table__cell yc-table__cell_sticky_right yc-table__cell_edge-padding"
            style="width: 28px; right: 0px;"
          />
        </tr>
        <tr
          class="yc-table__row yc-table__row_disabled"
        >
          <td
            class="yc-table__cell yc-table__cell_edge-padding"
          >
            —
          </td>
          <td
            class="yc-table__cell yc-table__cell_sticky_right yc-table__cell_edge-padding"
            style="width: 28px; right: 0px;"
          />
        </tr>
      </tbody>
    </table>
  </div>
</div>
`;
