// Jest Snapshot v1, https://goo.gl/fbAQLP

exports[`Alert has predicted styles if inline layout rendered 1`] = `
<div>
  <div
    class="g-box g-card g-card_theme_danger g-card_view_filled g-card_type_container g-card_size_m g-alert g-s__py_4 g-s__px_5"
  >
    <div
      class="g-box g-flex"
      style="column-gap: 12px; row-gap: 12px; align-items: center;"
    >
      <div
        class="g-alert__icon g-color-text g-color-text_color_danger"
      >
        <svg
          aria-hidden="true"
          class="g-icon"
          fill="currentColor"
          height="18"
          stroke="none"
          width="18"
          xmlns="http://www.w3.org/2000/svg"
          xmlns:xlink="http://www.w3.org/1999/xlink"
        >
          <svg
            fill="none"
            viewBox="0 0 16 16"
            xmlns="http://www.w3.org/2000/svg"
          >
            <path
              clip-rule="evenodd"
              d="M8 15A7 7 0 1 0 8 1a7 7 0 0 0 0 14ZM6.53 5.47a.75.75 0 0 0-1.06 1.06L6.94 8 5.47 9.47a.75.75 0 1 0 1.06 1.06L8 9.06l1.47 1.47a.75.75 0 1 0 1.06-1.06L9.06 8l1.47-1.47a.75.75 0 1 0-1.06-1.06L8 6.94 6.53 5.47Z"
              fill="currentColor"
              fill-rule="evenodd"
            />
          </svg>
        </svg>
      </div>
      <div
        class="g-box g-flex"
        style="flex-direction: row; flex-grow: 1; column-gap: 20px; row-gap: 20px;"
      >
        <div
          class="g-box g-flex g-alert__text-content"
          style="flex-grow: 1; column-gap: 8px; row-gap: 8px;"
        >
          <div
            class="g-box g-flex"
            style="flex-direction: column; flex-grow: 1; column-gap: 4px; row-gap: 4px; justify-content: center;"
          >
            <span
              class="g-text g-text_variant_subheader-2 g-alert__title"
            >
              Where will you go, hero?
            </span>
          </div>
        </div>
        <div
          class="g-box g-flex g-alert__actions g-alert__actions_minContent"
          style="flex-direction: row; flex-wrap: wrap; column-gap: 12px; row-gap: 12px; align-items: center;"
        >
          <button
            class="g-button g-button_view_normal-contrast g-button_size_m g-button_pin_round-round"
            type="button"
          >
            <span
              class="g-button__text"
            >
              To the right (lose the horse)
            </span>
          </button>
        </div>
      </div>
      <button
        aria-label="Close"
        class="g-button g-button_view_flat g-button_size_m g-button_pin_round-round"
        type="button"
      >
        <span
          class="g-button__icon"
        >
          <span
            class="g-button__icon-inner"
          >
            <svg
              aria-hidden="true"
              class="g-icon g-color-text g-color-text_color_secondary"
              fill="currentColor"
              height="18"
              stroke="none"
              width="18"
              xmlns="http://www.w3.org/2000/svg"
              xmlns:xlink="http://www.w3.org/1999/xlink"
            >
              <svg
                fill="none"
                viewBox="0 0 16 16"
                xmlns="http://www.w3.org/2000/svg"
              >
                <path
                  clip-rule="evenodd"
                  d="M3.47 3.47a.75.75 0 0 1 1.06 0L8 6.94l3.47-3.47a.75.75 0 1 1 1.06 1.06L9.06 8l3.47 3.47a.75.75 0 1 1-1.06 1.06L8 9.06l-3.47 3.47a.75.75 0 0 1-1.06-1.06L6.94 8 3.47 4.53a.75.75 0 0 1 0-1.06Z"
                  fill="currentColor"
                  fill-rule="evenodd"
                />
              </svg>
            </svg>
          </span>
        </span>
      </button>
    </div>
  </div>
</div>
`;
